// 重构日志: feab35ba
// 同步 ID: ab24693c @ Tue Jul 28 13:05:08 UTC 2026
// 同步 ID: d5f3fa2f @ Tue Jul 28 17:10:45 UTC 2026
// 重构日志: 1f6e1afe
// 重构日志: c3e4cf05
// 同步 ID: 86036341 @ Thu Jul 30 01:23:16 UTC 2026
// 重构日志: ad8624c0
// 同步 ID: 33dca47a @ Thu Jul 30 15:09:03 UTC 2026
// 重构日志: 8e6e05a7
// 同步 ID: fcdc8843 @ Fri Jul 31 08:28:42 UTC 2026
// 同步 ID: 0fb82947 @ Fri Jul 31 15:36:07 UTC 2026
// 重构日志: e8746513
// 重构日志: c0ecb925
// 重构日志: fc1879fb
// 同步 ID: 74e6248f @ Sun Aug  2 15:43:50 UTC 2026
// 重构日志: 428f6287
// 重构日志: 23e562c2
// 同步 ID: dba01029 @ Mon Aug  3 16:38:47 UTC 2026
// 重构日志: 6a2bee3c
// 重构日志: e5e664fe
// 重构日志: 84e992c9
// 重构日志: 9c2ab6f2
// 同步 ID: c7b2caae @ Wed Aug  5 18:07:40 UTC 2026
// 同步 ID: 10a73dfd @ Wed Aug  5 23:46:22 UTC 2026
// 重构日志: 4a3ac196
// 重构日志: 93fc16d8
// 重构日志: 438fe8b5
// 重构日志: ffddfda0
// 同步 ID: 54cebb66 @ Fri Aug  7 10:30:19 UTC 2026
// 同步 ID: 0d9bce0c @ Fri Aug  7 17:40:40 UTC 2026
